Info: Running script "bin/rails" on /Users/rita/Projects/teamDev/JyogiRooms
Welcome to devbox!
/Users/rita/Projects/teamDev/JyogiRooms/.devbox/virtenv/ruby/gems/activerecord-8.1.1/lib/active_record/connection_adapters/postgresql_adapter.rb:65:in 'ActiveRecord::ConnectionAdapters::PostgreSQLAdapter.new_client': There is an issue connecting to your database with your username/password, username: jyogi. (ActiveRecord::DatabaseConnectionError)

Please check your database configuration to ensure the username/password are valid.

	from /Users/rita/Projects/teamDev/JyogiRooms/.devbox/virtenv/ruby/gems/activerecord-8.1.1/lib/active_record/connection_adapters/postgresql_adapter.rb:955:in 'ActiveRecord::ConnectionAdapters::PostgreSQLAdapter#connect'
	from /Users/rita/Projects/teamDev/JyogiRooms/.devbox/virtenv/ruby/gems/activerecord-8.1.1/lib/active_record/connection_adapters/postgresql_adapter.rb:967:in 'ActiveRecord::ConnectionAdapters::PostgreSQLAdapter#reconnect'
	from /Users/rita/Projects/teamDev/JyogiRooms/.devbox/virtenv/ruby/gems/activerecord-8.1.1/lib/active_record/connection_adapters/abstract_adapter.rb:718:in 'block in ActiveRecord::ConnectionAdapters::AbstractAdapter#reconnect!'
	from /Users/rita/Projects/teamDev/JyogiRooms/.devbox/virtenv/ruby/gems/activesupport-8.1.1/lib/active_support/concurrency/null_lock.rb:9:in 'ActiveSupport::Concurrency::NullLock#synchronize'
	from /Users/rita/Projects/teamDev/JyogiRooms/.devbox/virtenv/ruby/gems/activerecord-8.1.1/lib/active_record/connection_adapters/abstract_adapter.rb:715:in 'ActiveRecord::ConnectionAdapters::AbstractAdapter#reconnect!'
	from /Users/rita/Projects/teamDev/JyogiRooms/.devbox/virtenv/ruby/gems/activerecord-8.1.1/lib/active_record/connection_adapters/abstract_adapter.rb:825:in 'block in ActiveRecord::ConnectionAdapters::AbstractAdapter#verify!'
	from /Users/rita/Projects/teamDev/JyogiRooms/.devbox/virtenv/ruby/gems/activesupport-8.1.1/lib/active_support/concurrency/null_lock.rb:9:in 'ActiveSupport::Concurrency::NullLock#synchronize'
	from /Users/rita/Projects/teamDev/JyogiRooms/.devbox/virtenv/ruby/gems/activerecord-8.1.1/lib/active_record/connection_adapters/abstract_adapter.rb:814:in 'ActiveRecord::ConnectionAdapters::AbstractAdapter#verify!'
	from /Users/rita/Projects/teamDev/JyogiRooms/.devbox/virtenv/ruby/gems/activerecord-8.1.1/lib/active_record/connection_adapters/abstract_adapter.rb:834:in 'ActiveRecord::ConnectionAdapters::AbstractAdapter#connect!'
	from /Users/rita/Projects/teamDev/JyogiRooms/.devbox/virtenv/ruby/gems/activerecord-8.1.1/lib/active_record/connection_adapters/abstract_adapter.rb:1051:in 'block in ActiveRecord::ConnectionAdapters::AbstractAdapter#with_raw_connection'
	from /Users/rita/Projects/teamDev/JyogiRooms/.devbox/virtenv/ruby/gems/activesupport-8.1.1/lib/active_support/concurrency/null_lock.rb:9:in 'ActiveSupport::Concurrency::NullLock#synchronize'
	from /Users/rita/Projects/teamDev/JyogiRooms/.devbox/virtenv/ruby/gems/activerecord-8.1.1/lib/active_record/connection_adapters/abstract_adapter.rb:1050:in 'ActiveRecord::ConnectionAdapters::AbstractAdapter#with_raw_connection'
	from /Users/rita/Projects/teamDev/JyogiRooms/.devbox/virtenv/ruby/gems/activerecord-8.1.1/lib/active_record/connection_adapters/abstract/database_statements.rb:570:in 'block in ActiveRecord::ConnectionAdapters::DatabaseStatements#raw_execute'
	from /Users/rita/Projects/teamDev/JyogiRooms/.devbox/virtenv/ruby/gems/activesupport-8.1.1/lib/active_support/notifications/instrumenter.rb:58:in 'ActiveSupport::Notifications::Instrumenter#instrument'
	from /Users/rita/Projects/teamDev/JyogiRooms/.devbox/virtenv/ruby/gems/activerecord-8.1.1/lib/active_record/connection_adapters/abstract_adapter.rb:1201:in 'ActiveRecord::ConnectionAdapters::AbstractAdapter#log'
	from /Users/rita/Projects/teamDev/JyogiRooms/.devbox/virtenv/ruby/gems/activerecord-8.1.1/lib/active_record/connection_adapters/abstract/database_statements.rb:569:in 'ActiveRecord::ConnectionAdapters::DatabaseStatements#raw_execute'
	from /Users/rita/Projects/teamDev/JyogiRooms/.devbox/virtenv/ruby/gems/activerecord-8.1.1/lib/active_record/connection_adapters/abstract/database_statements.rb:613:in 'ActiveRecord::ConnectionAdapters::DatabaseStatements#internal_execute'
	from /Users/rita/Projects/teamDev/JyogiRooms/.devbox/virtenv/ruby/gems/activerecord-8.1.1/lib/active_record/connection_adapters/postgresql/database_statements.rb:15:in 'ActiveRecord::ConnectionAdapters::PostgreSQL::DatabaseStatements#query'
	from /Users/rita/Projects/teamDev/JyogiRooms/.devbox/virtenv/ruby/gems/activerecord-8.1.1/lib/active_record/connection_adapters/abstract/database_statements.rb:113:in 'ActiveRecord::ConnectionAdapters::DatabaseStatements#query_values'
	from /Users/rita/Projects/teamDev/JyogiRooms/.devbox/virtenv/ruby/gems/activerecord-8.1.1/lib/active_record/connection_adapters/abstract/schema_statements.rb:36:in 'ActiveRecord::ConnectionAdapters::SchemaStatements#data_sources'
	from /Users/rita/Projects/teamDev/JyogiRooms/.devbox/virtenv/ruby/gems/activerecord-8.1.1/lib/active_record/connection_adapters/schema_cache.rb:430:in 'block in ActiveRecord::ConnectionAdapters::SchemaCache#tables_to_cache'
	from /Users/rita/Projects/teamDev/JyogiRooms/.devbox/virtenv/ruby/gems/activerecord-8.1.1/lib/active_record/connection_adapters/abstract/connection_pool.rb:463:in 'ActiveRecord::ConnectionAdapters::ConnectionPool#with_connection'
	from /Users/rita/Projects/teamDev/JyogiRooms/.devbox/virtenv/ruby/gems/activerecord-8.1.1/lib/active_record/connection_adapters/schema_cache.rb:429:in 'ActiveRecord::ConnectionAdapters::SchemaCache#tables_to_cache'
	from /Users/rita/Projects/teamDev/JyogiRooms/.devbox/virtenv/ruby/gems/activerecord-8.1.1/lib/active_record/connection_adapters/schema_cache.rb:313:in 'ActiveRecord::ConnectionAdapters::SchemaCache#data_source_exists?'
	from /Users/rita/Projects/teamDev/JyogiRooms/.devbox/virtenv/ruby/gems/activerecord-8.1.1/lib/active_record/connection_adapters/schema_cache.rb:38:in 'ActiveRecord::ConnectionAdapters::SchemaReflection#data_source_exists?'
	from /Users/rita/Projects/teamDev/JyogiRooms/.devbox/virtenv/ruby/gems/activerecord-8.1.1/lib/active_record/connection_adapters/schema_cache.rb:182:in 'ActiveRecord::ConnectionAdapters::BoundSchemaReflection#data_source_exists?'
	from /Users/rita/Projects/teamDev/JyogiRooms/.devbox/virtenv/ruby/gems/activerecord-8.1.1/lib/active_record/internal_metadata.rb:108:in 'ActiveRecord::InternalMetadata#table_exists?'
	from /Users/rita/Projects/teamDev/JyogiRooms/.devbox/virtenv/ruby/gems/activerecord-8.1.1/lib/active_record/tasks/database_tasks.rb:406:in 'block in ActiveRecord::Tasks::DatabaseTasks#schema_up_to_date?'
	from /Users/rita/Projects/teamDev/JyogiRooms/.devbox/virtenv/ruby/gems/activerecord-8.1.1/lib/active_record/tasks/database_tasks.rb:562:in 'ActiveRecord::Tasks::DatabaseTasks#with_temporary_pool'
	from /Users/rita/Projects/teamDev/JyogiRooms/.devbox/virtenv/ruby/gems/activerecord-8.1.1/lib/active_record/tasks/database_tasks.rb:403:in 'ActiveRecord::Tasks::DatabaseTasks#schema_up_to_date?'
	from /Users/rita/Projects/teamDev/JyogiRooms/.devbox/virtenv/ruby/gems/activerecord-8.1.1/lib/active_record/migration.rb:750:in 'block in ActiveRecord::Migration.any_schema_needs_update?'
	from /Users/rita/Projects/teamDev/JyogiRooms/.devbox/virtenv/ruby/gems/activerecord-8.1.1/lib/active_record/migration.rb:749:in 'Array#all?'
	from /Users/rita/Projects/teamDev/JyogiRooms/.devbox/virtenv/ruby/gems/activerecord-8.1.1/lib/active_record/migration.rb:749:in 'ActiveRecord::Migration.any_schema_needs_update?'
	from /Users/rita/Projects/teamDev/JyogiRooms/.devbox/virtenv/ruby/gems/activerecord-8.1.1/lib/active_record/migration.rb:710:in 'ActiveRecord::Migration.load_schema_if_pending!'
	from /Users/rita/Projects/teamDev/JyogiRooms/.devbox/virtenv/ruby/gems/activerecord-8.1.1/lib/active_record/migration.rb:719:in 'block in ActiveRecord::Migration.maintain_test_schema!'
	from /Users/rita/Projects/teamDev/JyogiRooms/.devbox/virtenv/ruby/gems/activerecord-8.1.1/lib/active_record/migration.rb:1036:in 'ActiveRecord::Migration#suppress_messages'
	from /Users/rita/Projects/teamDev/JyogiRooms/.devbox/virtenv/ruby/gems/activerecord-8.1.1/lib/active_record/migration.rb:724:in 'ActiveRecord::Migration.method_missing'
	from /Users/rita/Projects/teamDev/JyogiRooms/.devbox/virtenv/ruby/gems/activerecord-8.1.1/lib/active_record/migration.rb:719:in 'ActiveRecord::Migration.maintain_test_schema!'
	from /Users/rita/Projects/teamDev/JyogiRooms/.devbox/virtenv/ruby/gems/railties-8.1.1/lib/rails/testing/maintain_test_schema.rb:5:in '<main>'
	from /nix/store/wsrnc2byfbi6b7f7igfbpx0l2jbyvdy1-ruby-3.4.8/lib/ruby/3.4.0/bundled_gems.rb:82:in 'Kernel.require'
	from /nix/store/wsrnc2byfbi6b7f7igfbpx0l2jbyvdy1-ruby-3.4.8/lib/ruby/3.4.0/bundled_gems.rb:82:in 'block (2 levels) in Kernel#replace_require'
	from /Users/rita/Projects/teamDev/JyogiRooms/.devbox/virtenv/ruby/gems/bootsnap-1.20.1/lib/bootsnap/load_path_cache/core_ext/kernel_require.rb:30:in 'Kernel#require'
	from /Users/rita/Projects/teamDev/JyogiRooms/.devbox/virtenv/ruby/gems/zeitwerk-2.7.4/lib/zeitwerk/core_ext/kernel.rb:34:in 'Kernel#require'
	from /Users/rita/Projects/teamDev/JyogiRooms/.devbox/virtenv/ruby/gems/railties-8.1.1/lib/rails/test_help.rb:13:in '<main>'
	from /nix/store/wsrnc2byfbi6b7f7igfbpx0l2jbyvdy1-ruby-3.4.8/lib/ruby/3.4.0/bundled_gems.rb:82:in 'Kernel.require'
	from /nix/store/wsrnc2byfbi6b7f7igfbpx0l2jbyvdy1-ruby-3.4.8/lib/ruby/3.4.0/bundled_gems.rb:82:in 'block (2 levels) in Kernel#replace_require'
	from /Users/rita/Projects/teamDev/JyogiRooms/.devbox/virtenv/ruby/gems/bootsnap-1.20.1/lib/bootsnap/load_path_cache/core_ext/kernel_require.rb:30:in 'Kernel#require'
	from /Users/rita/Projects/teamDev/JyogiRooms/.devbox/virtenv/ruby/gems/zeitwerk-2.7.4/lib/zeitwerk/core_ext/kernel.rb:34:in 'Kernel#require'
	from /Users/rita/Projects/teamDev/JyogiRooms/test/test_helper.rb:3:in '<main>'
	from /nix/store/wsrnc2byfbi6b7f7igfbpx0l2jbyvdy1-ruby-3.4.8/lib/ruby/3.4.0/bundled_gems.rb:82:in 'Kernel.require'
	from /nix/store/wsrnc2byfbi6b7f7igfbpx0l2jbyvdy1-ruby-3.4.8/lib/ruby/3.4.0/bundled_gems.rb:82:in 'block (2 levels) in Kernel#replace_require'
	from /Users/rita/Projects/teamDev/JyogiRooms/.devbox/virtenv/ruby/gems/bootsnap-1.20.1/lib/bootsnap/load_path_cache/core_ext/kernel_require.rb:30:in 'Kernel#require'
	from /Users/rita/Projects/teamDev/JyogiRooms/test/controllers/dashboard_controller_test.rb:1:in '<main>'
	from /nix/store/wsrnc2byfbi6b7f7igfbpx0l2jbyvdy1-ruby-3.4.8/lib/ruby/3.4.0/bundled_gems.rb:82:in 'Kernel.require'
	from /nix/store/wsrnc2byfbi6b7f7igfbpx0l2jbyvdy1-ruby-3.4.8/lib/ruby/3.4.0/bundled_gems.rb:82:in 'block (2 levels) in Kernel#replace_require'
	from /Users/rita/Projects/teamDev/JyogiRooms/.devbox/virtenv/ruby/gems/bootsnap-1.20.1/lib/bootsnap/load_path_cache/core_ext/kernel_require.rb:30:in 'Kernel#require'
	from /Users/rita/Projects/teamDev/JyogiRooms/.devbox/virtenv/ruby/gems/railties-8.1.1/lib/rails/test_unit/runner.rb:71:in 'block in Rails::TestUnit::Runner.load_tests'
	from /Users/rita/Projects/teamDev/JyogiRooms/.devbox/virtenv/ruby/gems/railties-8.1.1/lib/rails/test_unit/runner.rb:69:in 'Array#each'
	from /Users/rita/Projects/teamDev/JyogiRooms/.devbox/virtenv/ruby/gems/railties-8.1.1/lib/rails/test_unit/runner.rb:69:in 'Rails::TestUnit::Runner.load_tests'
	from /Users/rita/Projects/teamDev/JyogiRooms/.devbox/virtenv/ruby/gems/railties-8.1.1/lib/minitest/rails_plugin.rb:140:in 'block in Minitest.plugin_rails_options'
	from /nix/store/wsrnc2byfbi6b7f7igfbpx0l2jbyvdy1-ruby-3.4.8/lib/ruby/3.4.0/optparse.rb:1793:in 'block in OptionParser#parse_in_order'
	from /nix/store/wsrnc2byfbi6b7f7igfbpx0l2jbyvdy1-ruby-3.4.8/lib/ruby/3.4.0/optparse.rb:925:in 'OptionParser::List#search'
	from /nix/store/wsrnc2byfbi6b7f7igfbpx0l2jbyvdy1-ruby-3.4.8/lib/ruby/3.4.0/optparse.rb:1923:in 'block in OptionParser#visit'
	from /nix/store/wsrnc2byfbi6b7f7igfbpx0l2jbyvdy1-ruby-3.4.8/lib/ruby/3.4.0/optparse.rb:1922:in 'Array#reverse_each'
	from /nix/store/wsrnc2byfbi6b7f7igfbpx0l2jbyvdy1-ruby-3.4.8/lib/ruby/3.4.0/optparse.rb:1922:in 'OptionParser#visit'
	from /nix/store/wsrnc2byfbi6b7f7igfbpx0l2jbyvdy1-ruby-3.4.8/lib/ruby/3.4.0/optparse.rb:1793:in 'OptionParser#parse_in_order'
	from /nix/store/wsrnc2byfbi6b7f7igfbpx0l2jbyvdy1-ruby-3.4.8/lib/ruby/3.4.0/optparse.rb:1703:in 'OptionParser#order!'
	from /nix/store/wsrnc2byfbi6b7f7igfbpx0l2jbyvdy1-ruby-3.4.8/lib/ruby/3.4.0/optparse.rb:1830:in 'OptionParser#permute!'
	from /nix/store/wsrnc2byfbi6b7f7igfbpx0l2jbyvdy1-ruby-3.4.8/lib/ruby/3.4.0/optparse.rb:1855:in 'OptionParser#parse!'
	from /Users/rita/Projects/teamDev/JyogiRooms/.devbox/virtenv/ruby/gems/minitest-5.27.0/lib/minitest.rb:236:in 'block in Minitest.process_args'
	from /nix/store/wsrnc2byfbi6b7f7igfbpx0l2jbyvdy1-ruby-3.4.8/lib/ruby/3.4.0/optparse.rb:1188:in 'OptionParser#initialize'
	from /Users/rita/Projects/teamDev/JyogiRooms/.devbox/virtenv/ruby/gems/minitest-5.27.0/lib/minitest.rb:148:in 'Class#new'
	from /Users/rita/Projects/teamDev/JyogiRooms/.devbox/virtenv/ruby/gems/minitest-5.27.0/lib/minitest.rb:148:in 'Minitest.process_args'
	from /Users/rita/Projects/teamDev/JyogiRooms/.devbox/virtenv/ruby/gems/minitest-5.27.0/lib/minitest.rb:285:in 'Minitest.run'
	from /Users/rita/Projects/teamDev/JyogiRooms/.devbox/virtenv/ruby/gems/minitest-5.27.0/lib/minitest.rb:85:in 'block in Minitest.autorun'
/Users/rita/Projects/teamDev/JyogiRooms/.devbox/virtenv/ruby/gems/pg-1.6.3-arm64-darwin/lib/pg/connection.rb:751:in 'PG::Connection::Pollable#polling_loop': connection to server at "::1", port 5432 failed: FATAL:  role "jyogi" does not exist (PG::ConnectionBad)
	from /Users/rita/Projects/teamDev/JyogiRooms/.devbox/virtenv/ruby/gems/pg-1.6.3-arm64-darwin/lib/pg/connection.rb:795:in 'PG::Connection#async_connect_or_reset'
	from /Users/rita/Projects/teamDev/JyogiRooms/.devbox/virtenv/ruby/gems/pg-1.6.3-arm64-darwin/lib/pg/connection.rb:951:in 'PG::Connection.connect_to_hosts'
	from /Users/rita/Projects/teamDev/JyogiRooms/.devbox/virtenv/ruby/gems/pg-1.6.3-arm64-darwin/lib/pg/connection.rb:871:in 'PG::Connection.new'
	from /Users/rita/Projects/teamDev/JyogiRooms/.devbox/virtenv/ruby/gems/pg-1.6.3-arm64-darwin/lib/pg.rb:88:in 'PG.connect'
	from /Users/rita/Projects/teamDev/JyogiRooms/.devbox/virtenv/ruby/gems/activerecord-8.1.1/lib/active_record/connection_adapters/postgresql_adapter.rb:58:in 'ActiveRecord::ConnectionAdapters::PostgreSQLAdapter.new_client'
	from /Users/rita/Projects/teamDev/JyogiRooms/.devbox/virtenv/ruby/gems/activerecord-8.1.1/lib/active_record/connection_adapters/postgresql_adapter.rb:955:in 'ActiveRecord::ConnectionAdapters::PostgreSQLAdapter#connect'
	from /Users/rita/Projects/teamDev/JyogiRooms/.devbox/virtenv/ruby/gems/activerecord-8.1.1/lib/active_record/connection_adapters/postgresql_adapter.rb:967:in 'ActiveRecord::ConnectionAdapters::PostgreSQLAdapter#reconnect'
	from /Users/rita/Projects/teamDev/JyogiRooms/.devbox/virtenv/ruby/gems/activerecord-8.1.1/lib/active_record/connection_adapters/abstract_adapter.rb:718:in 'block in ActiveRecord::ConnectionAdapters::AbstractAdapter#reconnect!'
	from /Users/rita/Projects/teamDev/JyogiRooms/.devbox/virtenv/ruby/gems/activesupport-8.1.1/lib/active_support/concurrency/null_lock.rb:9:in 'ActiveSupport::Concurrency::NullLock#synchronize'
	from /Users/rita/Projects/teamDev/JyogiRooms/.devbox/virtenv/ruby/gems/activerecord-8.1.1/lib/active_record/connection_adapters/abstract_adapter.rb:715:in 'ActiveRecord::ConnectionAdapters::AbstractAdapter#reconnect!'
	from /Users/rita/Projects/teamDev/JyogiRooms/.devbox/virtenv/ruby/gems/activerecord-8.1.1/lib/active_record/connection_adapters/abstract_adapter.rb:825:in 'block in ActiveRecord::ConnectionAdapters::AbstractAdapter#verify!'
	from /Users/rita/Projects/teamDev/JyogiRooms/.devbox/virtenv/ruby/gems/activesupport-8.1.1/lib/active_support/concurrency/null_lock.rb:9:in 'ActiveSupport::Concurrency::NullLock#synchronize'
	from /Users/rita/Projects/teamDev/JyogiRooms/.devbox/virtenv/ruby/gems/activerecord-8.1.1/lib/active_record/connection_adapters/abstract_adapter.rb:814:in 'ActiveRecord::ConnectionAdapters::AbstractAdapter#verify!'
	from /Users/rita/Projects/teamDev/JyogiRooms/.devbox/virtenv/ruby/gems/activerecord-8.1.1/lib/active_record/connection_adapters/abstract_adapter.rb:834:in 'ActiveRecord::ConnectionAdapters::AbstractAdapter#connect!'
	from /Users/rita/Projects/teamDev/JyogiRooms/.devbox/virtenv/ruby/gems/activerecord-8.1.1/lib/active_record/connection_adapters/abstract_adapter.rb:1051:in 'block in ActiveRecord::ConnectionAdapters::AbstractAdapter#with_raw_connection'
	from /Users/rita/Projects/teamDev/JyogiRooms/.devbox/virtenv/ruby/gems/activesupport-8.1.1/lib/active_support/concurrency/null_lock.rb:9:in 'ActiveSupport::Concurrency::NullLock#synchronize'
	from /Users/rita/Projects/teamDev/JyogiRooms/.devbox/virtenv/ruby/gems/activerecord-8.1.1/lib/active_record/connection_adapters/abstract_adapter.rb:1050:in 'ActiveRecord::ConnectionAdapters::AbstractAdapter#with_raw_connection'
	from /Users/rita/Projects/teamDev/JyogiRooms/.devbox/virtenv/ruby/gems/activerecord-8.1.1/lib/active_record/connection_adapters/abstract/database_statements.rb:570:in 'block in ActiveRecord::ConnectionAdapters::DatabaseStatements#raw_execute'
	from /Users/rita/Projects/teamDev/JyogiRooms/.devbox/virtenv/ruby/gems/activesupport-8.1.1/lib/active_support/notifications/instrumenter.rb:58:in 'ActiveSupport::Notifications::Instrumenter#instrument'
	from /Users/rita/Projects/teamDev/JyogiRooms/.devbox/virtenv/ruby/gems/activerecord-8.1.1/lib/active_record/connection_adapters/abstract_adapter.rb:1201:in 'ActiveRecord::ConnectionAdapters::AbstractAdapter#log'
	from /Users/rita/Projects/teamDev/JyogiRooms/.devbox/virtenv/ruby/gems/activerecord-8.1.1/lib/active_record/connection_adapters/abstract/database_statements.rb:569:in 'ActiveRecord::ConnectionAdapters::DatabaseStatements#raw_execute'
	from /Users/rita/Projects/teamDev/JyogiRooms/.devbox/virtenv/ruby/gems/activerecord-8.1.1/lib/active_record/connection_adapters/abstract/database_statements.rb:613:in 'ActiveRecord::ConnectionAdapters::DatabaseStatements#internal_execute'
	from /Users/rita/Projects/teamDev/JyogiRooms/.devbox/virtenv/ruby/gems/activerecord-8.1.1/lib/active_record/connection_adapters/postgresql/database_statements.rb:15:in 'ActiveRecord::ConnectionAdapters::PostgreSQL::DatabaseStatements#query'
	from /Users/rita/Projects/teamDev/JyogiRooms/.devbox/virtenv/ruby/gems/activerecord-8.1.1/lib/active_record/connection_adapters/abstract/database_statements.rb:113:in 'ActiveRecord::ConnectionAdapters::DatabaseStatements#query_values'
	from /Users/rita/Projects/teamDev/JyogiRooms/.devbox/virtenv/ruby/gems/activerecord-8.1.1/lib/active_record/connection_adapters/abstract/schema_statements.rb:36:in 'ActiveRecord::ConnectionAdapters::SchemaStatements#data_sources'
	from /Users/rita/Projects/teamDev/JyogiRooms/.devbox/virtenv/ruby/gems/activerecord-8.1.1/lib/active_record/connection_adapters/schema_cache.rb:430:in 'block in ActiveRecord::ConnectionAdapters::SchemaCache#tables_to_cache'
	from /Users/rita/Projects/teamDev/JyogiRooms/.devbox/virtenv/ruby/gems/activerecord-8.1.1/lib/active_record/connection_adapters/abstract/connection_pool.rb:463:in 'ActiveRecord::ConnectionAdapters::ConnectionPool#with_connection'
	from /Users/rita/Projects/teamDev/JyogiRooms/.devbox/virtenv/ruby/gems/activerecord-8.1.1/lib/active_record/connection_adapters/schema_cache.rb:429:in 'ActiveRecord::ConnectionAdapters::SchemaCache#tables_to_cache'
	from /Users/rita/Projects/teamDev/JyogiRooms/.devbox/virtenv/ruby/gems/activerecord-8.1.1/lib/active_record/connection_adapters/schema_cache.rb:313:in 'ActiveRecord::ConnectionAdapters::SchemaCache#data_source_exists?'
	from /Users/rita/Projects/teamDev/JyogiRooms/.devbox/virtenv/ruby/gems/activerecord-8.1.1/lib/active_record/connection_adapters/schema_cache.rb:38:in 'ActiveRecord::ConnectionAdapters::SchemaReflection#data_source_exists?'
	from /Users/rita/Projects/teamDev/JyogiRooms/.devbox/virtenv/ruby/gems/activerecord-8.1.1/lib/active_record/connection_adapters/schema_cache.rb:182:in 'ActiveRecord::ConnectionAdapters::BoundSchemaReflection#data_source_exists?'
	from /Users/rita/Projects/teamDev/JyogiRooms/.devbox/virtenv/ruby/gems/activerecord-8.1.1/lib/active_record/internal_metadata.rb:108:in 'ActiveRecord::InternalMetadata#table_exists?'
	from /Users/rita/Projects/teamDev/JyogiRooms/.devbox/virtenv/ruby/gems/activerecord-8.1.1/lib/active_record/tasks/database_tasks.rb:406:in 'block in ActiveRecord::Tasks::DatabaseTasks#schema_up_to_date?'
	from /Users/rita/Projects/teamDev/JyogiRooms/.devbox/virtenv/ruby/gems/activerecord-8.1.1/lib/active_record/tasks/database_tasks.rb:562:in 'ActiveRecord::Tasks::DatabaseTasks#with_temporary_pool'
	from /Users/rita/Projects/teamDev/JyogiRooms/.devbox/virtenv/ruby/gems/activerecord-8.1.1/lib/active_record/tasks/database_tasks.rb:403:in 'ActiveRecord::Tasks::DatabaseTasks#schema_up_to_date?'
	from /Users/rita/Projects/teamDev/JyogiRooms/.devbox/virtenv/ruby/gems/activerecord-8.1.1/lib/active_record/migration.rb:750:in 'block in ActiveRecord::Migration.any_schema_needs_update?'
	from /Users/rita/Projects/teamDev/JyogiRooms/.devbox/virtenv/ruby/gems/activerecord-8.1.1/lib/active_record/migration.rb:749:in 'Array#all?'
	from /Users/rita/Projects/teamDev/JyogiRooms/.devbox/virtenv/ruby/gems/activerecord-8.1.1/lib/active_record/migration.rb:749:in 'ActiveRecord::Migration.any_schema_needs_update?'
	from /Users/rita/Projects/teamDev/JyogiRooms/.devbox/virtenv/ruby/gems/activerecord-8.1.1/lib/active_record/migration.rb:710:in 'ActiveRecord::Migration.load_schema_if_pending!'
	from /Users/rita/Projects/teamDev/JyogiRooms/.devbox/virtenv/ruby/gems/activerecord-8.1.1/lib/active_record/migration.rb:719:in 'block in ActiveRecord::Migration.maintain_test_schema!'
	from /Users/rita/Projects/teamDev/JyogiRooms/.devbox/virtenv/ruby/gems/activerecord-8.1.1/lib/active_record/migration.rb:1036:in 'ActiveRecord::Migration#suppress_messages'
	from /Users/rita/Projects/teamDev/JyogiRooms/.devbox/virtenv/ruby/gems/activerecord-8.1.1/lib/active_record/migration.rb:724:in 'ActiveRecord::Migration.method_missing'
	from /Users/rita/Projects/teamDev/JyogiRooms/.devbox/virtenv/ruby/gems/activerecord-8.1.1/lib/active_record/migration.rb:719:in 'ActiveRecord::Migration.maintain_test_schema!'
	from /Users/rita/Projects/teamDev/JyogiRooms/.devbox/virtenv/ruby/gems/railties-8.1.1/lib/rails/testing/maintain_test_schema.rb:5:in '<main>'
	from /nix/store/wsrnc2byfbi6b7f7igfbpx0l2jbyvdy1-ruby-3.4.8/lib/ruby/3.4.0/bundled_gems.rb:82:in 'Kernel.require'
	from /nix/store/wsrnc2byfbi6b7f7igfbpx0l2jbyvdy1-ruby-3.4.8/lib/ruby/3.4.0/bundled_gems.rb:82:in 'block (2 levels) in Kernel#replace_require'
	from /Users/rita/Projects/teamDev/JyogiRooms/.devbox/virtenv/ruby/gems/bootsnap-1.20.1/lib/bootsnap/load_path_cache/core_ext/kernel_require.rb:30:in 'Kernel#require'
	from /Users/rita/Projects/teamDev/JyogiRooms/.devbox/virtenv/ruby/gems/zeitwerk-2.7.4/lib/zeitwerk/core_ext/kernel.rb:34:in 'Kernel#require'
	from /Users/rita/Projects/teamDev/JyogiRooms/.devbox/virtenv/ruby/gems/railties-8.1.1/lib/rails/test_help.rb:13:in '<main>'
	from /nix/store/wsrnc2byfbi6b7f7igfbpx0l2jbyvdy1-ruby-3.4.8/lib/ruby/3.4.0/bundled_gems.rb:82:in 'Kernel.require'
	from /nix/store/wsrnc2byfbi6b7f7igfbpx0l2jbyvdy1-ruby-3.4.8/lib/ruby/3.4.0/bundled_gems.rb:82:in 'block (2 levels) in Kernel#replace_require'
	from /Users/rita/Projects/teamDev/JyogiRooms/.devbox/virtenv/ruby/gems/bootsnap-1.20.1/lib/bootsnap/load_path_cache/core_ext/kernel_require.rb:30:in 'Kernel#require'
	from /Users/rita/Projects/teamDev/JyogiRooms/.devbox/virtenv/ruby/gems/zeitwerk-2.7.4/lib/zeitwerk/core_ext/kernel.rb:34:in 'Kernel#require'
	from /Users/rita/Projects/teamDev/JyogiRooms/test/test_helper.rb:3:in '<main>'
	from /nix/store/wsrnc2byfbi6b7f7igfbpx0l2jbyvdy1-ruby-3.4.8/lib/ruby/3.4.0/bundled_gems.rb:82:in 'Kernel.require'
	from /nix/store/wsrnc2byfbi6b7f7igfbpx0l2jbyvdy1-ruby-3.4.8/lib/ruby/3.4.0/bundled_gems.rb:82:in 'block (2 levels) in Kernel#replace_require'
	from /Users/rita/Projects/teamDev/JyogiRooms/.devbox/virtenv/ruby/gems/bootsnap-1.20.1/lib/bootsnap/load_path_cache/core_ext/kernel_require.rb:30:in 'Kernel#require'
	from /Users/rita/Projects/teamDev/JyogiRooms/test/controllers/dashboard_controller_test.rb:1:in '<main>'
	from /nix/store/wsrnc2byfbi6b7f7igfbpx0l2jbyvdy1-ruby-3.4.8/lib/ruby/3.4.0/bundled_gems.rb:82:in 'Kernel.require'
	from /nix/store/wsrnc2byfbi6b7f7igfbpx0l2jbyvdy1-ruby-3.4.8/lib/ruby/3.4.0/bundled_gems.rb:82:in 'block (2 levels) in Kernel#replace_require'
	from /Users/rita/Projects/teamDev/JyogiRooms/.devbox/virtenv/ruby/gems/bootsnap-1.20.1/lib/bootsnap/load_path_cache/core_ext/kernel_require.rb:30:in 'Kernel#require'
	from /Users/rita/Projects/teamDev/JyogiRooms/.devbox/virtenv/ruby/gems/railties-8.1.1/lib/rails/test_unit/runner.rb:71:in 'block in Rails::TestUnit::Runner.load_tests'
	from /Users/rita/Projects/teamDev/JyogiRooms/.devbox/virtenv/ruby/gems/railties-8.1.1/lib/rails/test_unit/runner.rb:69:in 'Array#each'
	from /Users/rita/Projects/teamDev/JyogiRooms/.devbox/virtenv/ruby/gems/railties-8.1.1/lib/rails/test_unit/runner.rb:69:in 'Rails::TestUnit::Runner.load_tests'
	from /Users/rita/Projects/teamDev/JyogiRooms/.devbox/virtenv/ruby/gems/railties-8.1.1/lib/minitest/rails_plugin.rb:140:in 'block in Minitest.plugin_rails_options'
	from /nix/store/wsrnc2byfbi6b7f7igfbpx0l2jbyvdy1-ruby-3.4.8/lib/ruby/3.4.0/optparse.rb:1793:in 'block in OptionParser#parse_in_order'
	from /nix/store/wsrnc2byfbi6b7f7igfbpx0l2jbyvdy1-ruby-3.4.8/lib/ruby/3.4.0/optparse.rb:925:in 'OptionParser::List#search'
	from /nix/store/wsrnc2byfbi6b7f7igfbpx0l2jbyvdy1-ruby-3.4.8/lib/ruby/3.4.0/optparse.rb:1923:in 'block in OptionParser#visit'
	from /nix/store/wsrnc2byfbi6b7f7igfbpx0l2jbyvdy1-ruby-3.4.8/lib/ruby/3.4.0/optparse.rb:1922:in 'Array#reverse_each'
	from /nix/store/wsrnc2byfbi6b7f7igfbpx0l2jbyvdy1-ruby-3.4.8/lib/ruby/3.4.0/optparse.rb:1922:in 'OptionParser#visit'
	from /nix/store/wsrnc2byfbi6b7f7igfbpx0l2jbyvdy1-ruby-3.4.8/lib/ruby/3.4.0/optparse.rb:1793:in 'OptionParser#parse_in_order'
	from /nix/store/wsrnc2byfbi6b7f7igfbpx0l2jbyvdy1-ruby-3.4.8/lib/ruby/3.4.0/optparse.rb:1703:in 'OptionParser#order!'
	from /nix/store/wsrnc2byfbi6b7f7igfbpx0l2jbyvdy1-ruby-3.4.8/lib/ruby/3.4.0/optparse.rb:1830:in 'OptionParser#permute!'
	from /nix/store/wsrnc2byfbi6b7f7igfbpx0l2jbyvdy1-ruby-3.4.8/lib/ruby/3.4.0/optparse.rb:1855:in 'OptionParser#parse!'
	from /Users/rita/Projects/teamDev/JyogiRooms/.devbox/virtenv/ruby/gems/minitest-5.27.0/lib/minitest.rb:236:in 'block in Minitest.process_args'
	from /nix/store/wsrnc2byfbi6b7f7igfbpx0l2jbyvdy1-ruby-3.4.8/lib/ruby/3.4.0/optparse.rb:1188:in 'OptionParser#initialize'
	from /Users/rita/Projects/teamDev/JyogiRooms/.devbox/virtenv/ruby/gems/minitest-5.27.0/lib/minitest.rb:148:in 'Class#new'
	from /Users/rita/Projects/teamDev/JyogiRooms/.devbox/virtenv/ruby/gems/minitest-5.27.0/lib/minitest.rb:148:in 'Minitest.process_args'
	from /Users/rita/Projects/teamDev/JyogiRooms/.devbox/virtenv/ruby/gems/minitest-5.27.0/lib/minitest.rb:285:in 'Minitest.run'
	from /Users/rita/Projects/teamDev/JyogiRooms/.devbox/virtenv/ruby/gems/minitest-5.27.0/lib/minitest.rb:85:in 'block in Minitest.autorun'
Error: error running script "bin/rails" in Devbox: exit status 1

